lein test :only clj-money.api.accounts-test/a-user-can-update-an-account-in-his-entity
lein test :only clj-money.api.accounts-test/a-user-can-create-an-account-in-his-entity
lein test :only clj-money.api.accounts-test/a-user-can-create-an-account-in-his-entity
lein test :only clj-money.api.accounts-test/a-user-can-create-an-account-in-his-entity
lein test :only clj-money.api.commodities-test/a-user-can-create-a-commodity-in-his-entity
lein test :only clj-money.api.commodities-test/a-user-can-create-a-commodity-in-his-entity
lein test :only clj-money.api.commodities-test/a-user-can-create-a-commodity-in-his-entity
lein test :only clj-money.api.commodities-test/a-user-can-update-a-commodity-in-his-entity
lein test :only clj-money.api.imports-test/a-user-cannot-delete-anothers-import
lein test :only clj-money.api.imports-test/a-user-can-get-a-list-of-his-imports
lein test :only clj-money.api.imports-test/a-user-cannot-start-anothers-import
lein test :only clj-money.api.imports-test/halt-on-fatal-error
lein test :only clj-money.api.imports-test/a-user-can-delete-his-import
lein test :only clj-money.api.imports-test/a-user-cannot-get-a-list-of-anothers-imports
lein test :only clj-money.api.imports-test/a-user-can-create-an-import
lein test :only clj-money.api.imports-test/a-user-can-create-an-import
lein test :only clj-money.api.imports-test/a-user-can-create-an-import
lein test :only clj-money.api.imports-test/a-user-can-create-an-import
lein test :only clj-money.api.imports-test/a-user-can-create-an-import
lein test :only clj-money.api.imports-test/a-user-can-create-an-import
lein test :only clj-money.api.imports-test/a-user-can-start-his-import
lein test :only clj-money.api.imports-test/a-user-cannot-view-anothers-import
lein test :only clj-money.api.imports-test/a-user-can-view-his-own-import
lein test :only clj-money.api.lots-test/a-user-can-get-lots-for-multiple-accounts-in-his-entity
lein test :only clj-money.api.prices-test/a-user-can-update-a-price-for-a-commodity-is-his-entity
lein test :only clj-money.api.prices-test/a-user-can-update-a-price-for-a-commodity-is-his-entity
lein test :only clj-money.api.prices-test/a-user-can-update-a-price-for-a-commodity-is-his-entity
lein test :only clj-money.api.prices-test/prices-are-only-fetched-once-per-day
lein test :only clj-money.api.prices-test/prices-are-only-fetched-once-per-day
lein test :only clj-money.api.prices-test/a-user-can-fetch-a-current-commodity-prices
lein test :only clj-money.api.prices-test/a-user-can-fetch-a-current-commodity-prices
lein test :only clj-money.api.prices-test/a-user-can-fetch-a-current-commodity-prices
lein test :only clj-money.api.prices-test/a-user-cannot-update-a-price-for-a-commodity-in-anothers-entity
lein test :only clj-money.api.prices-test/a-user-cannot-update-a-price-for-a-commodity-in-anothers-entity
lein test :only clj-money.api.prices-test/a-user-can-get-a-list-of-prices-from-his-entity
lein test :only clj-money.api.prices-test/a-user-can-delete-a-price-in-his-entity
lein test :only clj-money.api.prices-test/a-user-can-delete-a-price-in-his-entity
lein test :only clj-money.api.prices-test/a-user-can-create-a-price-for-a-commodity-in-his-entity
lein test :only clj-money.api.prices-test/a-user-can-create-a-price-for-a-commodity-in-his-entity
lein test :only clj-money.api.prices-test/a-user-can-create-a-price-for-a-commodity-in-his-entity
lein test :only clj-money.api.prices-test/a-user-cannot-delete-a-price-in-anothers-entity
lein test :only clj-money.api.reconciliations-test/a-user-can-create-an-incomplete-reconciliation-in-his-entity
lein test :only clj-money.api.reconciliations-test/a-user-can-create-an-incomplete-reconciliation-in-his-entity
lein test :only clj-money.api.reconciliations-test/a-user-can-create-an-incomplete-reconciliation-in-his-entity
lein test :only clj-money.api.reconciliations-test/a-user-cannot-update-a-reconciliation-in-anothers-entity
lein test :only clj-money.api.reconciliations-test/a-user-cannot-get-reconciliations-from-anothers-entity
lein test :only clj-money.api.reconciliations-test/a-user-cannot-get-reconciliations-from-anothers-entity
lein test :only clj-money.api.reconciliations-test/a-user-can-update-a-reconciliation-in-his-entity
lein test :only clj-money.api.reconciliations-test/a-user-can-update-a-reconciliation-in-his-entity
lein test :only clj-money.api.reconciliations-test/a-user-can-update-a-reconciliation-in-his-entity
lein test :only clj-money.api.reconciliations-test/a-user-can-get-reconciliations-from-his-entity
lein test :only clj-money.api.reconciliations-test/a-user-can-get-reconciliations-from-his-entity
lein test :only clj-money.api.reconciliations-test/a-user-can-create-a-completed-reconciliation-in-his-entity
lein test :only clj-money.api.reconciliations-test/a-user-can-create-a-completed-reconciliation-in-his-entity
lein test :only clj-money.api.reconciliations-test/a-user-can-create-a-completed-reconciliation-in-his-entity
lein test :only clj-money.api.trading-test/a-user-can-sell-a-commodity-in-his-entity
lein test :only clj-money.api.trading-test/a-user-can-purchase-a-commodity-in-his-entity
lein test :only clj-money.api.trading-test/a-user-can-reinvest-a-dividend-in-his-entity
lein test :only clj-money.api.trading-test/a-user-cannot-sell-a-commodity-in-anothers-entity
lein test :only clj-money.api.trading-test/a-user-cannot-purchase-a-commodity-in-anothers-entity
lein test :only clj-money.api.transaction-items-test/a-user-can-summarize-items-in-his-entity
lein test :only clj-money.api.transaction-items-test/a-user-can-get-a-list-of-transaction-items-in-his-entity
lein test :only clj-money.api.transaction-items-test/a-user-can-get-a-list-of-items-in-an-account-and-child-accounts
lein test :only clj-money.api.transaction-items-test/a-user-can-get-a-list-of-items-in-an-account-and-child-accounts
lein test :only clj-money.api.transaction-items-test/a-user-cannot-summarize-items-in-anothers-entity
lein test :only clj-money.api.transactions-test/a-user-cannot-update-a-transaction-in-anothers-entity
lein test :only clj-money.api.transactions-test/a-user-can-delete-a-transaction-in-his-entity
lein test :only clj-money.api.transactions-test/a-user-can-delete-a-transaction-in-his-entity
lein test :only clj-money.api.transactions-test/a-user-can-create-a-simple-transaction-in-his-entity
lein test :only clj-money.api.transactions-test/a-user-can-create-a-simple-transaction-in-his-entity
lein test :only clj-money.api.transactions-test/a-user-can-create-a-simple-transaction-in-his-entity
lein test :only clj-money.api.transactions-test/a-user-can-create-a-transaction-in-his-entity
lein test :only clj-money.api.transactions-test/a-user-can-create-a-transaction-in-his-entity
lein test :only clj-money.api.transactions-test/a-user-can-create-a-transaction-in-his-entity
lein test :only clj-money.api.transactions-test/a-user-cannot-get-a-transaction-from-anothers-entity
lein test :only clj-money.api.transactions-test/a-user-can-update-a-transaction-in-his-entity
lein test :only clj-money.api.transactions-test/a-user-can-update-a-transaction-in-his-entity
lein test :only clj-money.api.transactions-test/a-user-can-update-a-transaction-in-his-entity
lein test :only clj-money.api.transactions-test/a-user-can-get-a-transaction-from-his-entity
lein test :only clj-money.api.transactions-test/a-user-can-get-a-transaction-from-his-entity
lein test :only clj-money.api.transactions-test/a-user-cannot-delete-a-transaction-in-anothers-entity
lein test :only clj-money.api.users-test/a-user-gets-his-own-info
lein test :only clj-money.api.users-test/a-user-signs-in-directly
lein test :only clj-money.import-test/import-scheduled-transactions
lein test :only clj-money.import-test/import-a-simple-edn-file
lein test :only clj-money.import-test/import-a-simple-gnucash-file
lein test :only clj-money.import-test/track-import-progress
lein test :only clj-money.import-test/import-with-entity-settings
lein test :only clj-money.import-test/import-commodities
lein test :only clj-money.import-test/halt-on-failure
lein test :only clj-money.import-test/import-commodities-with-extended-actions
lein test :only clj-money.import-test/import-a-budget
lein test :only clj-money.models.imports-test/get-a-list-of-imports
lein test :only clj-money.models.imports-test/update-an-import
lein test :only clj-money.models.imports-test/create-an-import
lein test :only clj-money.models.imports-test/delete-an-import
lein test :only clj-money.reports-test/get-a-portfolio-report
lein test :only clj-money.reports-test/create-a-commodities-account-summary
lein test :only clj-money.reports-test/get-a-lot-report
lein test :only clj-money.reports-test/balance-sheet-report-with-commodities
